Namelist.nml

&EQUILIBRIUM_CONTROL
 QC   = 1.2
 NU   = 3.5
 PC   = 0.5
 MU   = 3.0
 EPSA = 0.04

 EPS  = 1.e-4
 NS   = 20
 NR   = 1000
 NF   = 500
 NW   = 500

 ACC  = 1.e-12
 H0   = 1.e-4
 HMIN = 1.e-10
 HMAX = 1.e-3
/

&TJ_CONTROL
 NTOR  = 1
 MMIN  = -15
 MMAX  = 15
 FREE  = 1

 EPS   = 1.e-4
 DEL   = 1.e-8
 NFIX  = 160
 NDIAG = 1024

 NULC    = 2.e-9
 ITERMAX = 10

 ACC  = 1.e-12
 H0   = 1.e-4
 HMIN = 1.e-10
 HMAX = 1.e-2

 EPSF = 1.e-4
 POWR = 1.
/

Shape.txt

3
2. 0.4 
1. -0.75
0. 0.

Program Output:

Dispersion relation data:
Re(F):
 3.089e-02 -2.352e-01  8.531e-02 
-2.352e-01 -5.854e-01  1.309e-01 
 8.530e-02  1.309e-01 -1.751e-01 
Im(F):
 5.334e-09 -2.090e-03 -3.720e-04 
 2.090e-03 -2.369e-07 -7.227e-03 
 3.720e-04  7.228e-03 -1.258e-07 
Re(E):
 7.532e+00 -2.650e+00  1.689e+00 
-2.650e+00 -1.120e+00 -2.128e+00 
 1.689e+00 -2.128e+00 -6.481e+00 
Im(E):
-1.489e-07  1.783e-02  1.067e-01 
-1.783e-02 -9.981e-08  4.317e-02 
-1.067e-01 -4.317e-02  2.601e-08 
Re(E_res):
 0.000e+00 -7.398e-05  2.079e-05 
 7.398e-05  0.000e+00 -1.791e-05 
-2.079e-05  1.791e-05  0.000e+00 
Im(E_res):
-1.489e-07  1.361e-08 -2.862e-08 
 1.361e-08 -9.981e-08 -1.086e-09 
-2.862e-08 -1.086e-09  2.601e-08 

DEL = 1.e-7

Dispersion relation data:
Re(F):
 3.095e-02 -2.352e-01  8.532e-02 
-2.351e-01 -5.851e-01  1.308e-01 
 8.527e-02  1.308e-01 -1.751e-01 
Im(F):
 5.079e-08 -2.090e-03 -3.708e-04 
 2.088e-03 -2.073e-06 -7.223e-03 
 3.709e-04  7.226e-03 -1.106e-06 
Re(E):
 7.528e+00 -2.650e+00  1.689e+00 
-2.649e+00 -1.121e+00 -2.128e+00 
 1.689e+00 -2.128e+00 -6.481e+00 
Im(E):
-1.260e-06  1.783e-02  1.067e-01 
-1.783e-02 -8.634e-07  4.317e-02 
-1.067e-01 -4.317e-02  1.645e-07 
Re(E_res):
 0.000e+00 -6.556e-04  1.849e-04 
 6.556e-04  0.000e+00 -1.568e-04 
-1.849e-04  1.568e-04  0.000e+00 
Im(E_res):
-1.260e-06  9.201e-08 -3.119e-07 
 9.201e-08 -8.634e-07  6.903e-08 
-3.119e-07  6.903e-08  1.645e-07

DEL = 1.e-9

Dispersion relation data:
Re(F):
 3.088e-02 -2.352e-01  8.531e-02 
-2.352e-01 -5.854e-01  1.309e-01 
 8.531e-02  1.309e-01 -1.751e-01 
Im(F):
 6.309e-10 -2.090e-03 -3.721e-04 
 2.090e-03 -1.965e-08 -7.228e-03 
 3.721e-04  7.228e-03 -1.158e-08 
Re(E):
 7.532e+00 -2.650e+00  1.689e+00 
-2.650e+00 -1.120e+00 -2.128e+00 
 1.689e+00 -2.128e+00 -6.481e+00 
Im(E):
-1.675e-08  1.783e-02  1.067e-01 
-1.783e-02 -5.518e-09  4.317e-02 
-1.067e-01 -4.317e-02  1.897e-09 
Re(E_res):
 0.000e+00 -8.128e-06  2.387e-06 
 8.128e-06  0.000e+00 -1.271e-06 
-2.387e-06  1.271e-06  0.000e+00 
Im(E_res):
-1.675e-08 -2.052e-09  8.646e-09 
-2.052e-09 -5.518e-09  2.005e-09 
 8.646e-09  2.005e-09  1.897e-09

COMMENT:

Program output independent of DEL.
Hermitian residuals reduce approximately linearly with decreasing DEL.
