Namelist.nml

&EQUILIBRIUM_CONTROL
 QC   = 1.2
 NU   = 3.5
 PC   = 0.1
 MU   = 3.0
 EPSA = 0.04

 EPS  = 1.e-4
 NS   = 20
 NR   = 1000
 NF   = 500
 NW   = 500

 ACC  = 1.e-12
 H0   = 1.e-4
 HMIN = 1.e-10
 HMAX = 1.e-3
/

&TJ_CONTROL
 NTOR  = 1
 MMIN  = -15
 MMAX  = 15
 FREE  = 1

 EPS   = 1.e-4
 DEL   = 1.e-8
 NFIX  = 160
 NDIAG = 1024

 NULC    = 2.e-9
 ITERMAX = 10

 ACC  = 1.e-12
 H0   = 1.e-4
 HMIN = 1.e-10
 HMAX = 1.e-2

 EPSF = 1.e-4
 POWR = 1.
/

Shape.txt

3
2. 0.4 
1. -0.75
0. 0.

Program Output:

Re(E):
 6.454e+00 -7.205e-01  7.605e-01 
-7.205e-01 -1.801e+00 -6.966e-01 
 7.605e-01 -6.966e-01 -6.347e+00 
Im(E):
-4.585e-08  4.050e-03  1.329e-01 
-4.050e-03 -3.953e-09  1.725e-02 
-1.329e-01 -1.725e-02  3.412e-08 

PC = 0.2

Re(E):
 6.584e+00 -1.155e+00  8.861e-01 
-1.155e+00 -1.705e+00 -9.782e-01 
 8.861e-01 -9.782e-01 -6.255e+00 
Im(E):
-8.800e-08  4.627e-03  1.234e-01 
-4.627e-03 -2.497e-08 -1.652e-03 
-1.234e-01  1.652e-03  2.506e-09 

PC = 0.3

Re(E):
 6.774e+00 -1.579e+00  1.252e+00 
-1.578e+00 -1.650e+00 -1.640e+00 
 1.252e+00 -1.640e+00 -7.732e+00 
Im(E):
-1.832e-07  3.223e-02  2.145e-01 
-3.223e-02 -1.932e-07  6.671e-02 
-2.145e-01 -6.671e-02  2.850e-08 

PC = 0.4

Re(E):
 7.118e+00 -2.097e+00  1.349e+00 
-2.096e+00 -1.547e+00 -2.017e+00 
 1.349e+00 -2.017e+00 -6.888e+00 
Im(E):
-1.515e-07  2.517e-02  1.469e-01 
-2.517e-02 -1.287e-07  4.490e-02 
-1.469e-01 -4.490e-02 -1.082e-07

PC = 0.5

Re(E):
 7.532e+00 -2.650e+00  1.689e+00 
-2.650e+00 -1.120e+00 -2.128e+00 
 1.689e+00 -2.128e+00 -6.481e+00 
Im(E):
-1.489e-07  1.783e-02  1.067e-01 
-1.783e-02 -9.981e-08  4.317e-02 
-1.067e-01 -4.317e-02  2.601e-08 

PC = 0.6

Re(E):
 8.050e+00 -3.154e+00  2.213e+00 
-3.154e+00 -9.725e-01 -2.959e+00 
 2.213e+00 -2.959e+00 -7.499e+00 
Im(E):
-2.061e-08  3.390e-02  6.856e-02 
-3.390e-02 -1.669e-07  1.005e-01 
-6.856e-02 -1.005e-01 -2.066e-08

PC = 0.7

Re(E):
 8.689e+00 -3.706e+00  2.617e+00 
-3.706e+00 -1.037e+00 -3.880e+00 
 2.616e+00 -3.880e+00 -8.558e+00 
Im(E):
 2.843e-07  5.670e-02 -9.409e-03 
-5.670e-02 -2.417e-07  1.931e-01 
 9.406e-03 -1.931e-01 -1.762e-07

PC = 0.8

Re(E):
 9.399e+00 -4.331e+00  2.768e+00 
-4.330e+00 -9.506e-01 -4.261e+00 
 2.768e+00 -4.261e+00 -9.222e+00 
Im(E):
 7.714e-07  6.545e-02 -1.404e-01 
-6.545e-02 -1.894e-07  3.244e-01 
 1.404e-01 -3.244e-01 -4.202e-07

PC = 0.9

Re(E):
 1.010e+01 -4.932e+00  2.675e+00 
-4.931e+00 -6.558e-01 -4.074e+00 
 2.675e+00 -4.074e+00 -9.779e+00 
Im(E):
 1.363e-06  3.707e-02 -3.065e-01 
-3.707e-02  1.626e-07  5.255e-01 
 3.065e-01 -5.255e-01 -9.289e-07 
Re(E_res):

PC = 1.0

Re(E):
 1.074e+01 -5.407e+00  2.463e+00 
-5.406e+00 -3.409e-01 -3.544e+00 
 2.463e+00 -3.544e+00 -1.022e+01 
Im(E):
 1.964e-06 -3.183e-02 -4.447e-01 
 3.183e-02  8.492e-07  7.428e-01 
 4.446e-01 -7.428e-01 -1.605e-06

COMMENT:

Increasing PC generally increases coupling
